Microchip MPLAB XC8 Compiler V1.12 ()

Linker command line:

--edf=C:\Program Files (x86)\Microchip\xc8\v1.12\dat\en_msgs.txt -cs \
  -h+dist/default/production\pps0.1.X.production.sym -z -Q18F8720 -ol.obj \
  -Mdist/default/production/pps0.1.X.production.map -E1 -ver=XC8 \
  -ACODE=00h-01FFFFh -ACONST=00h-01FFFFh -ASMALLCONST=0F00h-0FFFhx497 \
  -AMEDIUMCONST=0F00h-0FFFFh,010F00h-01FFFFh -ACOMRAM=01h-05Fh \
  -AABS1=00h-0EFFh -ABIGRAM=01h-0EFFh -ARAM=060h-0FFh,0100h-01FFhx14 \
  -ABANK0=060h-0FFh -ABANK1=0100h-01FFh -ABANK2=0200h-02FFh \
  -ABANK3=0300h-03FFh -ABANK4=0400h-04FFh -ABANK5=0500h-05FFh \
  -ABANK6=0600h-06FFh -ABANK7=0700h-07FFh -ABANK8=0800h-08FFh \
  -ABANK9=0900h-09FFh -ABANK10=0A00h-0AFFh -ABANK11=0B00h-0BFFh \
  -ABANK12=0C00h-0CFFh -ABANK13=0D00h-0DFFh -ABANK14=0E00h-0EFFh \
  -ASFR=0F60h-0FFFh -preset_vec=00h,intcode,intcodelo,powerup,init,end_init \
  -pramtop=0F00h -psmallconst=SMALLCONST -pmediumconst=MEDIUMCONST \
  -pconst=CONST -AFARRAM=00h-00h -ACONFIG=0300000h-030000Dh -pconfig=CONFIG \
  -AIDLOC=0200000h-0200007h -pidloc=IDLOC -AEEDATA=0F00000h-0F003FFh \
  -peeprom_data=EEDATA \
  -prdata=COMRAM,nvrram=COMRAM,nvbit=COMRAM,rbss=COMRAM,rbit=COMRAM \
  -pfarbss=FARRAM,fardata=FARRAM \
  -pintsave_regs=BIGRAM,bigbss=BIGRAM,bigdata=BIGRAM -pbss=RAM \
  -pidata=CODE,irdata=CODE,ibigdata=CODE,ifardata=CODE \
  C:\Users\Tomas\AppData\Local\Temp\sbfjk.obj \
  dist/default/production\pps0.1.X.production.obj 

Object code version is 3.10

Machine type is 18F8720

Call graph: (short form)




                Name                               Link     Load   Length Selector   Space Scale
C:\Users\Tomas\AppData\Local\Temp\sbfjk.obj
                end_init                              2        2        4        0       0
                reset_vec                             0        0        2        0       0
                idloc                            200000   200000        8   200000       0
                config                           300000   300000        E   300000       0
dist/default/production\pps0.1.X.production.obj
                text8                             1FE52    1FE52       26     FF29       0
                text7                             1FE1C    1FE1C        E     FF0E       0
                text6                             1FF24    1FF24       6E     FF92       0
                text5                             1FEA8    1FEA8       3E     FF54       0
                text4                             1FE2A    1FE2A       10     FF15       0
                text3                             1FF92    1FF92       6E     FFC9       0
                text2                             1FE78    1FE78       30     FF3C       0
                text1                             1FE3A    1FE3A       18     FF1D       0
                cstackCOMRAM                          1        1        7        1       1
                cinit                             1FE16    1FE16        6     FF0B       0
                text0                             1FEE6    1FEE6       3E     FF73       0

TOTAL           Name                               Link     Load   Length     Space
        CLASS   CODE           
                end_init                              2        2        4         0
                reset_vec                             0        0        2         0
                text8                             1FE52    1FE52       26         0
                text7                             1FE1C    1FE1C        E         0
                text6                             1FF24    1FF24       6E         0
                text5                             1FEA8    1FEA8       3E         0
                text4                             1FE2A    1FE2A       10         0
                text3                             1FF92    1FF92       6E         0
                text2                             1FE78    1FE78       30         0
                text1                             1FE3A    1FE3A       18         0
                cinit                             1FE16    1FE16        6         0
                text0                             1FEE6    1FEE6       3E         0

        CLASS   CONST          

        CLASS   SMALLCONST     

        CLASS   MEDIUMCONST    

        CLASS   COMRAM         
                cstackCOMRAM                          1        1        7         1

        CLASS   ABS1           

        CLASS   BIGRAM         

        CLASS   RAM            

        CLASS   BANK0          

        CLASS   BANK1          

        CLASS   BANK2          

        CLASS   BANK3          

        CLASS   BANK4          

        CLASS   BANK5          

        CLASS   BANK6          

        CLASS   BANK7          

        CLASS   BANK8          

        CLASS   BANK9          

        CLASS   BANK10         

        CLASS   BANK11         

        CLASS   BANK12         

        CLASS   BANK13         

        CLASS   BANK14         

        CLASS   SFR            

        CLASS   FARRAM         

        CLASS   CONFIG         
                config                           300000   300000        E         0

        CLASS   IDLOC          
                idloc                            200000   200000        8         0

        CLASS   EEDATA         



SEGMENTS        Name                           Load    Length   Top    Selector   Space  Class

                reset_vec                      000000  000006  000006         0       0  CODE    
                cstackCOMRAM                   000001  000007  000008         1       1  COMRAM  
                cinit                          01FE16  000006  01FE1C      FF0B       0  CODE    
                text7                          01FE1C  00000E  01FE2A      FF0E       0  CODE    
                text4                          01FE2A  000010  01FE3A      FF15       0  CODE    
                text1                          01FE3A  000018  01FE52      FF1D       0  CODE    
                text8                          01FE52  000026  01FE78      FF29       0  CODE    
                text2                          01FE78  000030  01FEA8      FF3C       0  CODE    
                text5                          01FEA8  00003E  01FEE6      FF54       0  CODE    
                text0                          01FEE6  00003E  01FF24      FF73       0  CODE    
                text6                          01FF24  00006E  01FF92      FF92       0  CODE    
                text3                          01FF92  00006E  020000      FFC9       0  CODE    
                idloc                          200000  000008  200008    200000       0  IDLOC   
                config                         300000  00000E  30000E    300000       0  CONFIG  


UNUSED ADDRESS RANGES

        Name                Unused          Largest block    Delta
        BANK0            000060-0000FF               A0
        BANK1            000100-0001FF              100
        BANK10           000A00-000AFF              100
        BANK11           000B00-000BFF              100
        BANK12           000C00-000CFF              100
        BANK13           000D00-000DFF              100
        BANK14           000E00-000EFF              100
        BANK2            000200-0002FF              100
        BANK3            000300-0003FF              100
        BANK4            000400-0004FF              100
        BANK5            000500-0005FF              100
        BANK6            000600-0006FF              100
        BANK7            000700-0007FF              100
        BANK8            000800-0008FF              100
        BANK9            000900-0009FF              100
        BIGRAM           000008-000EFF              EF8
        CODE             000006-01FE15            1FE10
        COMRAM           000008-00005F               58
        CONST            000006-01FE15            1FE10
        EEDATA           F00000-F003FF              400
        MEDIUMCONST      000F00-00FFFF             F100
                         010F00-01FE15             EF16
        RAM              000060-000EFF              100
        SFR              000F60-000FFF               A0
        SMALLCONST       000F00-01FE15              100

                                  Symbol Table

?_led_off                cstackCOMRAM 000001
?_led_on                 cstackCOMRAM 000001
?_write                  cstackCOMRAM 000002
_ADCON1                  (abs)        000FC1
_LATC0                   (abs)        007C58
_LATC1                   (abs)        007C59
_LATC2                   (abs)        007C5A
_LATC3                   (abs)        007C5B
_LATC4                   (abs)        007C5C
_LATC5                   (abs)        007C5D
_LATC6                   (abs)        007C5E
_LATC7                   (abs)        007C5F
_LATJ7                   (abs)        007C8F
_TRISA                   (abs)        000F92
_TRISC                   (abs)        000F94
_TRISF                   (abs)        000F97
_TRISH                   (abs)        000F99
_TRISJ5                  (abs)        007CD5
_TRISJ6                  (abs)        007CD6
_TRISJ7                  (abs)        007CD7
__CFG_BOR$OFF            (abs)        000000
__CFG_BORV$25            (abs)        000000
__CFG_CCP2MUX$OFF        (abs)        000000
__CFG_CP0$OFF            (abs)        000000
__CFG_CP1$OFF            (abs)        000000
__CFG_CP2$OFF            (abs)        000000
__CFG_CP3$OFF            (abs)        000000
__CFG_CP4$OFF            (abs)        000000
__CFG_CP5$OFF            (abs)        000000
__CFG_CP6$OFF            (abs)        000000
__CFG_CP7$OFF            (abs)        000000
__CFG_CPB$OFF            (abs)        000000
__CFG_CPD$OFF            (abs)        000000
__CFG_EBTR0$OFF          (abs)        000000
__CFG_EBTR1$OFF          (abs)        000000
__CFG_EBTR2$OFF          (abs)        000000
__CFG_EBTR3$OFF          (abs)        000000
__CFG_EBTR4$OFF          (abs)        000000
__CFG_EBTR5$OFF          (abs)        000000
__CFG_EBTR6$OFF          (abs)        000000
__CFG_EBTR7$OFF          (abs)        000000
__CFG_EBTRB$OFF          (abs)        000000
__CFG_LVP$OFF            (abs)        000000
__CFG_MODE$MC            (abs)        000000
__CFG_OSC$XT             (abs)        000000
__CFG_OSCS$ON            (abs)        000000
__CFG_PWRT$OFF           (abs)        000000
__CFG_STVR$OFF           (abs)        000000
__CFG_WAIT$OFF           (abs)        000000
__CFG_WDT$OFF            (abs)        000000
__CFG_WRT0$OFF           (abs)        000000
__CFG_WRT1$OFF           (abs)        000000
__CFG_WRT2$OFF           (abs)        000000
__CFG_WRT3$OFF           (abs)        000000
__CFG_WRT4$OFF           (abs)        000000
__CFG_WRT5$OFF           (abs)        000000
__CFG_WRT6$OFF           (abs)        000000
__CFG_WRT7$OFF           (abs)        000000
__CFG_WRTB$OFF           (abs)        000000
__CFG_WRTC$OFF           (abs)        000000
__CFG_WRTD$OFF           (abs)        000000
__HRAM                   (abs)        000000
__Habs1                  abs1         000000
__Hbank0                 bank0        000000
__Hbank1                 bank1        000000
__Hbank10                bank10       000000
__Hbank11                bank11       000000
__Hbank12                bank12       000000
__Hbank13                bank13       000000
__Hbank14                bank14       000000
__Hbank2                 bank2        000000
__Hbank3                 bank3        000000
__Hbank4                 bank4        000000
__Hbank5                 bank5        000000
__Hbank6                 bank6        000000
__Hbank7                 bank7        000000
__Hbank8                 bank8        000000
__Hbank9                 bank9        000000
__Hbigbss                bigbss       000000
__Hbigdata               bigdata      000000
__Hbigram                bigram       000000
__Hbss                   bss          000000
__Hcinit                 cinit        000000
__Hclrtext               clrtext      000000
__Hcomram                comram       000000
__Hconfig                config       30000E
__Hconst                 const        000000
__HcstackCOMRAM          cstackCOMRAM 000000
__Hdata                  data         000000
__Heeprom_data           eeprom_data  000000
__Hend_init              end_init     000006
__Hfarbss                farbss       000000
__Hfardata               fardata      000000
__Hibigdata              ibigdata     000000
__Hidata                 idata        000000
__Hidloc                 idloc        200008
__Hifardata              ifardata     000000
__Hinit                  init         000002
__Hintcode               intcode      000002
__Hintcode_body          intcode_body 000000
__Hintcodelo             intcodelo    000002
__Hintentry              intentry     000000
__Hintret                intret       000000
__Hintsave_regs          intsave_regs 000000
__Hirdata                irdata       000000
__Hmediumconst           mediumconst  000000
__Hnvbit                 nvbit        000000
__Hnvrram                nvrram       000000
__Hparam                 rparam       000000
__Hpowerup               powerup      000002
__Hram                   ram          000000
__Hramtop                ramtop       000F00
__Hrbit                  rbit         000000
__Hrbss                  rbss         000000
__Hrdata                 rdata        000000
__Hreset_vec             reset_vec    000002
__Hrparam                rparam       000000
__Hsfr                   sfr          000000
__Hsmallconst            smallconst   000000
__Hstruct                struct       000000
__Htemp                  temp         000000
__Htext                  text         000000
__Htext0                 text0        000000
__Htext1                 text1        000000
__Htext2                 text2        000000
__Htext3                 text3        000000
__Htext4                 text4        000000
__Htext5                 text5        000000
__Htext6                 text6        000000
__Htext7                 text7        000000
__Htext8                 text8        000000
__Htext9                 text9        000000
__LRAM                   (abs)        000001
__Labs1                  abs1         000000
__Lbank0                 bank0        000000
__Lbank1                 bank1        000000
__Lbank10                bank10       000000
__Lbank11                bank11       000000
__Lbank12                bank12       000000
__Lbank13                bank13       000000
__Lbank14                bank14       000000
__Lbank2                 bank2        000000
__Lbank3                 bank3        000000
__Lbank4                 bank4        000000
__Lbank5                 bank5        000000
__Lbank6                 bank6        000000
__Lbank7                 bank7        000000
__Lbank8                 bank8        000000
__Lbank9                 bank9        000000
__Lbigbss                bigbss       000000
__Lbigdata               bigdata      000000
__Lbigram                bigram       000000
__Lbss                   bss          000000
__Lcinit                 cinit        000000
__Lclrtext               clrtext      000000
__Lcomram                comram       000000
__Lconfig                config       300000
__Lconst                 const        000000
__LcstackCOMRAM          cstackCOMRAM 000000
__Ldata                  data         000000
__Leeprom_data           eeprom_data  000000
__Lend_init              end_init     000002
__Lfarbss                farbss       000000
__Lfardata               fardata      000000
__Libigdata              ibigdata     000000
__Lidata                 idata        000000
__Lidloc                 idloc        200000
__Lifardata              ifardata     000000
__Linit                  init         000002
__Lintcode               intcode      000002
__Lintcode_body          intcode_body 000000
__Lintcodelo             intcodelo    000002
__Lintentry              intentry     000000
__Lintret                intret       000000
__Lintsave_regs          intsave_regs 000000
__Lirdata                irdata       000000
__Lmediumconst           mediumconst  000000
__Lnvbit                 nvbit        000000
__Lnvrram                nvrram       000000
__Lparam                 rparam       000000
__Lpowerup               powerup      000002
__Lram                   ram          000000
__Lramtop                ramtop       000F00
__Lrbit                  rbit         000000
__Lrbss                  rbss         000000
__Lrdata                 rdata        000000
__Lreset_vec             reset_vec    000000
__Lrparam                rparam       000000
__Lsfr                   sfr          000000
__Lsmallconst            smallconst   000000
__Lstruct                struct       000000
__Ltemp                  temp         000000
__Ltext                  text         000000
__Ltext0                 text0        000000
__Ltext1                 text1        000000
__Ltext2                 text2        000000
__Ltext3                 text3        000000
__Ltext4                 text4        000000
__Ltext5                 text5        000000
__Ltext6                 text6        000000
__Ltext7                 text7        000000
__Ltext8                 text8        000000
__Ltext9                 text9        000000
__S0                     (abs)        30000E
__S1                     (abs)        000008
__accesstop              (abs)        000060
__activetblptr           (abs)        000000
__end_of__initialization cinit        01FE16
__end_of_all_led_off     text2        01FEA8
__end_of_clock           text8        01FE78
__end_of_config          text1        01FE52
__end_of_led_off         text3        020000
__end_of_led_on          text6        01FF92
__end_of_main            text0        01FF24
__end_of_start           text4        01FE3A
__end_of_stop            text7        01FE2A
__end_of_write           text5        01FEE6
__initialization         cinit        01FE16
__mediumconst            mediumconst  000000
__pcinit                 cinit        01FE16
__pcstackCOMRAM          cstackCOMRAM 000001
__ptext0                 text0        01FEE6
__ptext1                 text1        01FE3A
__ptext2                 text2        01FE78
__ptext3                 text3        01FF92
__ptext4                 text4        01FE2A
__ptext5                 text5        01FEA8
__ptext6                 text6        01FF24
__ptext7                 text7        01FE1C
__ptext8                 text8        01FE52
__ptext9                 text9        000000
__ramtop                 ramtop       000F00
__size_of_all_led_off    (abs)        000000
__size_of_clock          (abs)        000000
__size_of_config         (abs)        000000
__size_of_led_off        (abs)        000000
__size_of_led_on         (abs)        000000
__size_of_main           (abs)        000000
__size_of_start          (abs)        000000
__size_of_stop           (abs)        000000
__size_of_write          (abs)        000000
__smallconst             smallconst   000000
_all_led_off             text2        01FE78
_clock                   text8        01FE52
_config                  text1        01FE3A
_led_off                 text3        01FF92
_led_on                  text6        01FF24
_main                    text0        01FEE6
_start                   text4        01FE2A
_stop                    text7        01FE1C
_write                   text5        01FEA8
all_led_off@i            cstackCOMRAM 000006
clock@level              cstackCOMRAM 000001
end_of_initialization    cinit        01FE16
intlevel0                text         000000
intlevel1                text         000000
intlevel2                text         000000
intlevel3                text         000000
led_off@numeroLed        cstackCOMRAM 000001
led_on@numeroLed         cstackCOMRAM 000001
start                    init         000002
start_initialization     cinit        01FE16
write@byte               cstackCOMRAM 000002
write@mask               cstackCOMRAM 000004


FUNCTION INFORMATION:

 *************** function _main *****************
 Defined at:
		line 13 in file "main.c"
 Parameters:    Size  Location     Type
		None
 Auto vars:     Size  Location     Type
		None
 Return value:  Size  Location     Type
		None               void
 Registers used:
		wreg, status,2, status,0, cstack
 Tracked objects:
		On entry : 
		On exit  : 
		Unchanged: 
 Data sizes:     COMRAM   BANK0   BANK1   BANK2   BANK3   BANK4   BANK5   BANK6   BANK7   BANK8   BANK9  BANK10  BANK11  BANK12  BANK13  BANK14
      Params:         0       0       0       0       0       0       0       0       0       0       0       0       0       0       0       0
      Locals:         0       0       0       0       0       0       0       0       0       0       0       0       0       0       0       0
      Temps:          1       0       0       0       0       0       0       0       0       0       0       0       0       0       0       0
      Totals:         1       0       0       0       0       0       0       0       0       0       0       0       0       0       0       0
Total ram usage:        1 bytes
 Hardware stack levels required when called:    2
 This function calls:
		_config
		_all_led_off
		_led_off
		_start
		_write
		_led_on
		_stop
 This function is called by:
		Startup code after reset
 This function uses a non-reentrant model


 *************** function _config *****************
 Defined at:
		line 3 in file "bsp.c"
 Parameters:    Size  Location     Type
		None
 Auto vars:     Size  Location     Type
		None
 Return value:  Size  Location     Type
		None               void
 Registers used:
		wreg, status,2
 Tracked objects:
		On entry : 
		On exit  : 
		Unchanged: 
 Data sizes:     COMRAM   BANK0   BANK1   BANK2   BANK3   BANK4   BANK5   BANK6   BANK7   BANK8   BANK9  BANK10  BANK11  BANK12  BANK13  BANK14
      Params:         0       0       0       0       0       0       0       0       0       0       0       0       0       0       0       0
      Locals:         0       0       0       0       0       0       0       0       0       0       0       0       0       0       0       0
      Temps:          0       0       0       0       0       0       0       0       0       0       0       0       0       0       0       0
      Totals:         0       0       0       0       0       0       0       0       0       0       0       0       0       0       0       0
Total ram usage:        0 bytes
 Hardware stack levels used:    1
 This function calls:
		Nothing
 This function is called by:
		_main
 This function uses a non-reentrant model


 *************** function _all_led_off *****************
 Defined at:
		line 13 in file "bsp.c"
 Parameters:    Size  Location     Type
		None
 Auto vars:     Size  Location     Type
  i               1    5[COMRAM] unsigned char 
 Return value:  Size  Location     Type
		None               void
 Registers used:
		wreg, status,2, status,0, cstack
 Tracked objects:
		On entry : 
		On exit  : 
		Unchanged: 
 Data sizes:     COMRAM   BANK0   BANK1   BANK2   BANK3   BANK4   BANK5   BANK6   BANK7   BANK8   BANK9  BANK10  BANK11  BANK12  BANK13  BANK14
      Params:         0       0       0       0       0       0       0       0       0       0       0       0       0       0       0       0
      Locals:         1       0       0       0       0       0       0       0       0       0       0       0       0       0       0       0
      Temps:          1       0       0       0       0       0       0       0       0       0       0       0       0       0       0       0
      Totals:         2       0       0       0       0       0       0       0       0       0       0       0       0       0       0       0
Total ram usage:        2 bytes
 Hardware stack levels used:    1
 Hardware stack levels required when called:    1
 This function calls:
		_led_off
 This function is called by:
		_main
 This function uses a non-reentrant model


 *************** function _led_off *****************
 Defined at:
		line 56 in file "bsp.c"
 Parameters:    Size  Location     Type
  numeroLed       2    0[COMRAM] int 
 Auto vars:     Size  Location     Type
		None
 Return value:  Size  Location     Type
		None               void
 Registers used:
		wreg, status,2, status,0
 Tracked objects:
		On entry : 
		On exit  : 
		Unchanged: 
 Data sizes:     COMRAM   BANK0   BANK1   BANK2   BANK3   BANK4   BANK5   BANK6   BANK7   BANK8   BANK9  BANK10  BANK11  BANK12  BANK13  BANK14
      Params:         2       0       0       0       0       0       0       0       0       0       0       0       0       0       0       0
      Locals:         0       0       0       0       0       0       0       0       0       0       0       0       0       0       0       0
      Temps:          2       0       0       0       0       0       0       0       0       0       0       0       0       0       0       0
      Totals:         4       0       0       0       0       0       0       0       0       0       0       0       0       0       0       0
Total ram usage:        4 bytes
 Hardware stack levels used:    1
 This function calls:
		Nothing
 This function is called by:
		_main
		_all_led_off
		_EEPROM_byte_write
 This function uses a non-reentrant model


 *************** function _start *****************
 Defined at:
		line 16 in file "i2c_soft_library.c"
 Parameters:    Size  Location     Type
		None
 Auto vars:     Size  Location     Type
		None
 Return value:  Size  Location     Type
		None               void
 Registers used:
		None
 Tracked objects:
		On entry : 
		On exit  : 
		Unchanged: 
 Data sizes:     COMRAM   BANK0   BANK1   BANK2   BANK3   BANK4   BANK5   BANK6   BANK7   BANK8   BANK9  BANK10  BANK11  BANK12  BANK13  BANK14
      Params:         0       0       0       0       0       0       0       0       0       0       0       0       0       0       0       0
      Locals:         0       0       0       0       0       0       0       0       0       0       0       0       0       0       0       0
      Temps:          0       0       0       0       0       0       0       0       0       0       0       0       0       0       0       0
      Totals:         0       0       0       0       0       0       0       0       0       0       0       0       0       0       0       0
Total ram usage:        0 bytes
 Hardware stack levels used:    1
 This function calls:
		Nothing
 This function is called by:
		_main
		_EEPROM_byte_write
		_EEPROM_sequential_read
		_EEPROM_acknowledge_polling
		_ds1307_init
		_ds1307_set_date_time
		_ds1307_get_time_date
 This function uses a non-reentrant model


 *************** function _write *****************
 Defined at:
		line 58 in file "i2c_soft_library.c"
 Parameters:    Size  Location     Type
  byte            1    1[COMRAM] unsigned char 
 Auto vars:     Size  Location     Type
  mask            1    3[COMRAM] unsigned char 
 Return value:  Size  Location     Type
                  1    wreg      unsigned char 
 Registers used:
		wreg, status,2, status,0, cstack
 Tracked objects:
		On entry : 
		On exit  : 
		Unchanged: 
 Data sizes:     COMRAM   BANK0   BANK1   BANK2   BANK3   BANK4   BANK5   BANK6   BANK7   BANK8   BANK9  BANK10  BANK11  BANK12  BANK13  BANK14
      Params:         1       0       0       0       0       0       0       0       0       0       0       0       0       0       0       0
      Locals:         1       0       0       0       0       0       0       0       0       0       0       0       0       0       0       0
      Temps:          1       0       0       0       0       0       0       0       0       0       0       0       0       0       0       0
      Totals:         3       0       0       0       0       0       0       0       0       0       0       0       0       0       0       0
Total ram usage:        3 bytes
 Hardware stack levels used:    1
 Hardware stack levels required when called:    1
 This function calls:
		_clock
 This function is called by:
		_main
		_EEPROM_byte_write
		_EEPROM_sequential_read
		_EEPROM_acknowledge_polling
		_ds1307_init
		_ds1307_set_date_time
		_ds1307_get_time_date
 This function uses a non-reentrant model


 *************** function _led_on *****************
 Defined at:
		line 26 in file "bsp.c"
 Parameters:    Size  Location     Type
  numeroLed       2    0[COMRAM] int 
 Auto vars:     Size  Location     Type
		None
 Return value:  Size  Location     Type
		None               void
 Registers used:
		wreg, status,2, status,0
 Tracked objects:
		On entry : 
		On exit  : 
		Unchanged: 
 Data sizes:     COMRAM   BANK0   BANK1   BANK2   BANK3   BANK4   BANK5   BANK6   BANK7   BANK8   BANK9  BANK10  BANK11  BANK12  BANK13  BANK14
      Params:         2       0       0       0       0       0       0       0       0       0       0       0       0       0       0       0
      Locals:         0       0       0       0       0       0       0       0       0       0       0       0       0       0       0       0
      Temps:          2       0       0       0       0       0       0       0       0       0       0       0       0       0       0       0
      Totals:         4       0       0       0       0       0       0       0       0       0       0       0       0       0       0       0
Total ram usage:        4 bytes
 Hardware stack levels used:    1
 This function calls:
		Nothing
 This function is called by:
		_main
		_all_led_on
		_EEPROM_byte_write
 This function uses a non-reentrant model


 *************** function _stop *****************
 Defined at:
		line 28 in file "i2c_soft_library.c"
 Parameters:    Size  Location     Type
		None
 Auto vars:     Size  Location     Type
		None
 Return value:  Size  Location     Type
		None               void
 Registers used:
		None
 Tracked objects:
		On entry : 
		On exit  : 
		Unchanged: 
 Data sizes:     COMRAM   BANK0   BANK1   BANK2   BANK3   BANK4   BANK5   BANK6   BANK7   BANK8   BANK9  BANK10  BANK11  BANK12  BANK13  BANK14
      Params:         0       0       0       0       0       0       0       0       0       0       0       0       0       0       0       0
      Locals:         0       0       0       0       0       0       0       0       0       0       0       0       0       0       0       0
      Temps:          0       0       0       0       0       0       0       0       0       0       0       0       0       0       0       0
      Totals:         0       0       0       0       0       0       0       0       0       0       0       0       0       0       0       0
Total ram usage:        0 bytes
 Hardware stack levels used:    1
 This function calls:
		Nothing
 This function is called by:
		_main
		_EEPROM_byte_write
		_EEPROM_sequential_read
		_EEPROM_acknowledge_polling
		_ds1307_init
		_ds1307_set_date_time
		_ds1307_get_time_date
 This function uses a non-reentrant model


 *************** function _clock *****************
 Defined at:
		line 40 in file "i2c_soft_library.c"
 Parameters:    Size  Location     Type
		None
 Auto vars:     Size  Location     Type
  level           1    0[COMRAM] unsigned char 
 Return value:  Size  Location     Type
                  1    wreg      unsigned char 
 Registers used:
		wreg, status,2
 Tracked objects:
		On entry : 
		On exit  : 
		Unchanged: 
 Data sizes:     COMRAM   BANK0   BANK1   BANK2   BANK3   BANK4   BANK5   BANK6   BANK7   BANK8   BANK9  BANK10  BANK11  BANK12  BANK13  BANK14
      Params:         0       0       0       0       0       0       0       0       0       0       0       0       0       0       0       0
      Locals:         1       0       0       0       0       0       0       0       0       0       0       0       0       0       0       0
      Temps:          0       0       0       0       0       0       0       0       0       0       0       0       0       0       0       0
      Totals:         1       0       0       0       0       0       0       0       0       0       0       0       0       0       0       0
Total ram usage:        1 bytes
 Hardware stack levels used:    1
 This function calls:
		Nothing
 This function is called by:
		_write
		_read
 This function uses a non-reentrant model



MODULE INFORMATION

Module		Function		Class		Link	Load	Size
bsp.c
		_led_off       		CODE           	1FF92	0000	110
		_all_led_off   		CODE           	1FE78	0000	48
		_config        		CODE           	1FE3A	0000	24
		_led_on        		CODE           	1FF24	0000	110

bsp.c estimated size: 292

shared
		__initializatio		CODE           	1FE16	0000	0

shared estimated size: 0

main.c
		_main          		CODE           	1FEE6	0000	62

main.c estimated size: 62

i2c_soft_library.c
		_clock         		CODE           	1FE52	0000	38
		_stop          		CODE           	1FE1C	0000	14
		_write         		CODE           	1FEA8	0000	62
		_start         		CODE           	1FE2A	0000	16

i2c_soft_library.c estimated size: 130

